fitoria_add_test(NAME test_expected_lref SRCS test_expected_lref.cpp)
fitoria_add_test(NAME test_expected_void SRCS test_expected_void.cpp)
fitoria_add_test(NAME test_expected SRCS test_expected.cpp)
